2025-12-12 22:28:52.006 [main] INFO  testCases.TC_001AccountRegistrationTest - Starting tests with Browser: chrome, OS: windows, Run Mode: local
2025-12-12 22:29:32.872 [main] INFO  testCases.TC_001AccountRegistrationTest - Navigated to: https://automationexercise.com/
2025-12-12 22:29:32.931 [main] INFO  testCases.TC_001AccountRegistrationTest - ===== Starting Account Registration Test =====
2025-12-12 22:29:36.050 [main] INFO  testCases.TC_001AccountRegistrationTest - Clicking on My Account
2025-12-12 22:29:36.152 [main] INFO  testCases.TC_001AccountRegistrationTest - Confirmation message received: New User Signup!
2025-12-12 22:29:36.154 [main] INFO  testCases.TC_001AccountRegistrationTest - Test Passed 
2025-12-12 22:29:36.154 [main] INFO  testCases.TC_001AccountRegistrationTest - ===== Account Registration Test Completed =====
2025-12-12 22:29:36.365 [main] INFO  testCases.TC_001AccountRegistrationTest - Browser closed successfully.
2025-12-12 22:30:54.380 [main] INFO  testCases.TC_001AccountRegistrationTest - Starting tests with Browser: chrome, OS: windows, Run Mode: local
2025-12-12 22:31:05.548 [main] INFO  testCases.TC_001AccountRegistrationTest - Navigated to: https://automationexercise.com/2
2025-12-12 22:31:05.595 [main] INFO  testCases.TC_001AccountRegistrationTest - ===== Starting Account Registration Test =====
2025-12-12 22:31:05.640 [main] ERROR utilities.ScreenshotUtil - Unexpected error during screenshot capture
org.openqa.selenium.NoSuchWindowException: no such window: target window already closed
from unknown error: web view not found
  (Session info: chrome=143.0.7499.41)
Build info: version: '4.38.0', revision: '6b412e825c*'
System info: os.name: 'Windows 11', os.arch: 'amd64', os.version: '10.0', java.version: '21.0.3'
Driver info: org.openqa.selenium.chrome.ChromeDriver
Command: [d8239b9281887b2a49dfb97fb860ce1e, screenshot {}]
Capabilities {acceptInsecureCerts: false, browserName: chrome, browserVersion: 143.0.7499.41, chrome: {chromedriverVersion: 143.0.7499.42 (24bdc8c48a0c..., userDataDir: C:\Users\HAFIZM~2\AppData\L...}, fedcm:accounts: true, goog:chromeOptions: {debuggerAddress: localhost:61307}, goog:processID: 21188, networkConnectionEnabled: false, pageLoadStrategy: normal, platformName: windows, proxy: Proxy(), se:cdp: ws://localhost:61307/devtoo..., se:cdpVersion: 143.0.7499.41, setWindowRect: true, strictFileInteractability: false, timeouts: {implicit: 0, pageLoad: 300000, script: 30000}, unhandledPromptBehavior: dismiss and notify, webauthn:extension:credBlob: true, webauthn:extension:largeBlob: true, webauthn:extension:minPinLength: true, webauthn:extension:prf: true, webauthn:virtualAuthenticators: true}
Session ID: d8239b9281887b2a49dfb97fb860ce1e
	at java.base/jdk.internal.reflect.DirectConstructorHandleAccessor.newInstance(DirectConstructorHandleAccessor.java:62)
	at java.base/java.lang.reflect.Constructor.newInstanceWithCaller(Constructor.java:502)
	at java.base/java.lang.reflect.Constructor.newInstance(Constructor.java:486)
	at org.openqa.selenium.remote.ErrorCodec.decode(ErrorCodec.java:167)
	at org.openqa.selenium.remote.codec.w3c.W3CHttpResponseCodec.decode(W3CHttpResponseCodec.java:138)
	at org.openqa.selenium.remote.codec.w3c.W3CHttpResponseCodec.decode(W3CHttpResponseCodec.java:50)
	at org.openqa.selenium.remote.HttpCommandExecutor.execute(HttpCommandExecutor.java:215)
	at org.openqa.selenium.remote.service.DriverCommandExecutor.invokeExecute(DriverCommandExecutor.java:216)
	at org.openqa.selenium.remote.service.DriverCommandExecutor.execute(DriverCommandExecutor.java:174)
	at org.openqa.selenium.remote.RemoteWebDriver.execute(RemoteWebDriver.java:557)
	at org.openqa.selenium.remote.RemoteWebDriver.execute(RemoteWebDriver.java:634)
	at org.openqa.selenium.remote.RemoteWebDriver.execute(RemoteWebDriver.java:638)
	at org.openqa.selenium.remote.RemoteWebDriver.getScreenshotAs(RemoteWebDriver.java:346)
	at utilities.ScreenshotUtil.captureScreenshot(ScreenshotUtil.java:27)
	at utilities.ExtentReportListener.onTestFailure(ExtentReportListener.java:73)
	at org.testng.internal.TestListenerHelper.runTestListeners(TestListenerHelper.java:115)
	at org.testng.internal.invokers.TestInvoker.runTestResultListener(TestInvoker.java:285)
	at org.testng.internal.invokers.TestInvoker.invokeMethod(TestInvoker.java:777)
	at org.testng.internal.invokers.TestInvoker.invokeTestMethod(TestInvoker.java:230)
	at org.testng.internal.invokers.MethodRunner.runInSequence(MethodRunner.java:63)
	at org.testng.internal.invokers.TestInvoker$MethodInvocationAgent.invoke(TestInvoker.java:995)
	at org.testng.internal.invokers.TestInvoker.invokeTestMethods(TestInvoker.java:203)
	at org.testng.internal.invokers.TestMethodWorker.invokeTestMethods(TestMethodWorker.java:154)
	at org.testng.internal.invokers.TestMethodWorker.run(TestMethodWorker.java:134)
	at java.base/java.util.ArrayList.forEach(ArrayList.java:1596)
	at org.testng.TestRunner.privateRun(TestRunner.java:741)
	at org.testng.TestRunner.run(TestRunner.java:616)
	at org.testng.SuiteRunner.runTest(SuiteRunner.java:421)
	at org.testng.SuiteRunner.runSequentially(SuiteRunner.java:413)
	at org.testng.SuiteRunner.privateRun(SuiteRunner.java:373)
	at org.testng.SuiteRunner.run(SuiteRunner.java:312)
	at org.testng.SuiteRunnerWorker.runSuite(SuiteRunnerWorker.java:52)
	at org.testng.SuiteRunnerWorker.run(SuiteRunnerWorker.java:95)
	at org.testng.TestNG.runSuitesSequentially(TestNG.java:1274)
	at org.testng.TestNG.runSuitesLocally(TestNG.java:1208)
	at org.testng.TestNG.runSuites(TestNG.java:1112)
	at org.testng.TestNG.run(TestNG.java:1079)
	at com.intellij.rt.testng.IDEARemoteTestNG.run(IDEARemoteTestNG.java:65)
	at com.intellij.rt.testng.RemoteTestNGStarter.main(RemoteTestNGStarter.java:105)
2025-12-12 22:31:05.797 [main] INFO  testCases.TC_001AccountRegistrationTest - Browser closed successfully.
2025-12-12 22:31:52.371 [main] INFO  testCases.TC_001AccountRegistrationTest - Starting tests with Browser: chrome, OS: windows, Run Mode: local
2025-12-12 22:32:12.112 [main] INFO  testCases.TC_001AccountRegistrationTest - Navigated to: https://automationexercise.com/
2025-12-12 22:32:12.155 [main] INFO  testCases.TC_001AccountRegistrationTest - ===== Starting Account Registration Test =====
2025-12-12 22:32:13.805 [main] INFO  testCases.TC_001AccountRegistrationTest - Clicking on My Account
2025-12-12 22:32:13.887 [main] INFO  testCases.TC_001AccountRegistrationTest - Confirmation message received: New User Signup!
2025-12-12 22:32:13.888 [main] ERROR testCases.TC_001AccountRegistrationTest - Test Failed-
2025-12-12 22:32:13.888 [main] INFO  testCases.TC_001AccountRegistrationTest - Debug logs...
2025-12-12 22:32:13.890 [main] INFO  testCases.TC_001AccountRegistrationTest - Test Failed - expected [true] but found [false]
2025-12-12 22:32:14.041 [main] INFO  utilities.ScreenshotUtil - Screenshot successfully saved to: D:\SeleniumLearning\AutomationExercise/screenshots/accountVerification_20251212223214.png
2025-12-12 22:32:14.277 [main] INFO  testCases.TC_001AccountRegistrationTest - Browser closed successfully.
